
B
SimpleMessage.proto"#
SimpleMessage
data (	Rdatabproto3